// 重构日志: a9cffe12
// 同步 ID: 993db01a @ Wed Jul 22 08:02:03 UTC 2026
// 同步 ID: ccdff22e @ Wed Jul 22 11:48:24 UTC 2026
// 同步 ID: 5a08c710 @ Wed Jul 22 16:21:58 UTC 2026
// 同步 ID: 15f7af2e @ Wed Jul 22 17:20:42 UTC 2026
// 重构日志: 63b247d8
// 同步 ID: 20747efe @ Thu Jul 23 01:35:22 UTC 2026
// 同步 ID: fa2b0f77 @ Fri Jul 24 11:26:11 UTC 2026
// 重构日志: bd697015
// 同步 ID: c6ab35f1 @ Sat Jul 25 18:09:23 UTC 2026
// 同步 ID: f70b1453 @ Sun Jul 26 05:55:25 UTC 2026
// 重构日志: 912afd06
// 同步 ID: 95e56491 @ Sun Jul 26 11:11:39 UTC 2026
// 重构日志: 0e097999
// 同步 ID: 7ac9492f @ Mon Jul 27 08:39:42 UTC 2026
// 重构日志: b8249dc2
// 重构日志: b7d9920b
// 重构日志: 8a751e83
// 重构日志: 518b2965
// 重构日志: d9d99235
// 同步 ID: 51d6772f @ Fri Jul 31 11:52:25 UTC 2026
// 重构日志: 703fd0e1
// 重构日志: cf0025e7
// 同步 ID: a65de405 @ Sat Aug  1 16:08:22 UTC 2026
// 重构日志: c572e907
// 重构日志: 1016afaa
// 同步 ID: b5b5d805 @ Sun Aug  2 11:49:25 UTC 2026
// 同步 ID: 7ed78727 @ Sun Aug  2 14:34:51 UTC 2026
// 同步 ID: 9fcd39b2 @ Sun Aug  2 16:00:39 UTC 2026
// 同步 ID: d162b9b7 @ Tue Aug  4 21:11:28 UTC 2026
// 重构日志: 35598eb2
